static check: 384 files scanned, 0 problems
380 matches; errors: 0
realism_fast_runs_gt1s                            28.00
realism_fast_runs_gt1s_data_anomaly              180.00
realism_fast_runs_implied_by_real_events          15.00
realism_fast_runs_model_driven                    13.00
realism_max_speed_mps                          62933.47
realism_max_speed_non_anomaly_mps               4550.99
realism_frames_outside_pitch_gt2m                  0.00
realism_max_outside_m                              0.00
realism_anchors_checked                      1110041.00
realism_anchor_misses_gt0_5m                       0.00
realism_anchor_misses_data_anomaly               197.00
realism_anchor_worst_miss_m                        0.00
realism_carries_checked                       228251.00
realism_carry_max_speed_mps                     4359.09
realism_carries_with_frames_gt9_5                185.00
realism_carry_frames_gt9_5                      4150.00
tactical_fast_runs_gt1s                           28.00
tactical_fast_runs_gt1s_data_anomaly             168.00
tactical_fast_runs_implied_by_real_events         15.00
tactical_fast_runs_model_driven                   13.00
tactical_max_speed_mps                         62922.70
tactical_max_speed_non_anomaly_mps              4532.09
tactical_frames_outside_pitch_gt2m                 0.00
tactical_max_outside_m                             0.00
tactical_anchors_checked                     1110041.00
tactical_anchor_misses_gt0_5m                      0.00
tactical_anchor_misses_data_anomaly              197.00
tactical_anchor_worst_miss_m                       0.00
tactical_carries_checked                      228251.00
tactical_carry_max_speed_mps                    4357.00
tactical_carries_with_frames_gt9_5               187.00
tactical_carry_frames_gt9_5                     4139.00
active_count_mismatches                            0.00
max_active_per_team                             4180.00
anchor_time_collisions                             0.00
collisions_retimed                             57202.00
collisions_dropped                               650.00
data_anomalies_carry                           15864.00
data_anomalies_anchor_pair                     17119.00
static_check_problems                              0.00
