[1/380] 3754296: Arsenal 2-1 Manchester City -> 3.76MB (22s)
[2/380] 3754217: Chelsea 2-0 Arsenal -> 3.69MB (22s)
[3/380] 3754117: Aston Villa 0-2 Arsenal -> 3.57MB (22s)
[4/380] 3754129: Arsenal 0-0 Liverpool -> 3.76MB (22s)
[5/380] 3754160: Arsenal 3-1 Sunderland -> 3.63MB (22s)
[6/380] 3753983: Swansea City 0-3 Arsenal -> 3.70MB (22s)
[7/380] 3754136: Newcastle United 1-1 Aston Villa -> 3.46MB (15s)
[8/380] 3754037: Everton 2-1 AFC Bournemouth -> 3.70MB (15s)
[9/380] 3754309: Southampton 4-0 Arsenal -> 3.53MB (15s)
[10/380] 3754058: Leicester City 0-0 AFC Bournemouth -> 3.54MB (15s)
[11/380] 3754047: Liverpool 1-0 Swansea City -> 3.73MB (17s)
[12/380] 3754245: West Bromwich Albion 1-0 Sunderland -> 3.41MB (17s)
[13/380] 3754039: Crystal Palace 1-2 Watford -> 3.57MB (6s)
[14/380] 3754041: Arsenal 4-0 Aston Villa -> 3.64MB (6s)
[15/380] 3754042: West Bromwich Albion 1-1 Liverpool -> 3.58MB (6s)
[16/380] 3754043: Tottenham Hotspur 3-0 AFC Bournemouth -> 3.61MB (7s)
[17/380] 3754045: Leicester City 0-0 Manchester City -> 3.50MB (12s)
[18/380] 3754048: Crystal Palace 0-0 Everton -> 3.58MB (13s)
[19/380] 3754050: Sunderland 2-2 Crystal Palace -> 3.39MB (22s)
[20/380] 3754049: Leicester City 1-0 Norwich City -> 3.52MB (22s)
[21/380] 3754052: West Bromwich Albion 0-1 Norwich City -> 3.52MB (23s)
[22/380] 3754053: Aston Villa 0-2 Tottenham Hotspur -> 3.61MB (23s)
[23/380] 3754055: Liverpool 1-1 Chelsea -> 3.75MB (27s)
[24/380] 3754226: Sunderland 0-1 Liverpool -> 3.49MB (27s)
[25/380] 3754014: Stoke City 2-0 Manchester United -> 3.43MB (24s)
[26/380] 3754091: Stoke City 0-2 Watford -> 3.46MB (26s)
[27/380] 3754135: Stoke City 2-0 Manchester City -> 3.58MB (26s)
[28/380] 3754293: Stoke City 1-0 Chelsea -> 3.50MB (26s)
[29/380] 3754146: Stoke City 2-2 Leicester City -> 3.53MB (25s)
[30/380] 3754339: Stoke City 2-1 AFC Bournemouth -> 3.70MB (25s)
[31/380] 3754347: Manchester United 0-0 West Ham United -> 3.50MB (26s)
[32/380] 3754255: Liverpool 2-2 West Bromwich Albion -> 3.71MB (26s)
[33/380] 3753979: Crystal Palace 0-1 Sunderland -> 3.50MB (27s)
[34/380] 3754278: AFC Bournemouth 1-1 Watford -> 3.57MB (27s)
[35/380] 3753978: Southampton 3-1 Swansea City -> 3.64MB (26s)
[36/380] 3753972: Swansea City 2-2 AFC Bournemouth -> 3.67MB (27s)
[37/380] 3753974: Newcastle United 0-1 Everton -> 3.58MB (27s)
[38/380] 3753993: Sunderland 1-3 Norwich City -> 3.61MB (26s)
[39/380] 3754015: Manchester United 0-0 Manchester City -> 3.60MB (27s)
[40/380] 3754038: Norwich City 1-1 Arsenal -> 3.70MB (28s)
[41/380] 3754007: Stoke City 0-1 West Bromwich Albion -> 3.48MB (28s)
[42/380] 3754001: Newcastle United 2-2 Chelsea -> 3.66MB (29s)
[43/380] 3754008: Manchester United 3-0 Sunderland -> 3.65MB (29s)
[44/380] 3754029: Tottenham Hotspur 3-1 Aston Villa -> 3.59MB (28s)
[45/380] 3753995: Chelsea 1-3 Southampton -> 3.66MB (28s)
[46/380] 3753999: Watford 0-3 Arsenal -> 3.63MB (29s)
[47/380] 3754017: Aston Villa 1-2 Swansea City -> 3.44MB (27s)
[48/380] 3754006: West Bromwich Albion 2-3 Leicester City -> 3.37MB (27s)
[49/380] 3754023: AFC Bournemouth 1-1 Leicester City -> 3.57MB (26s)
[50/380] 3753984: Liverpool 0-3 West Ham United -> 3.63MB (27s)
[51/380] 3754011: Southampton 2-3 Manchester United -> 3.65MB (26s)
[52/380] 3754010: Newcastle United 1-2 Watford -> 3.55MB (27s)
[53/380] 3754028: Manchester City 3-1 Southampton -> 3.58MB (25s)
[54/380] 3753996: Chelsea 1-0 Norwich City -> 3.61MB (26s)
[55/380] 3754025: Chelsea 3-1 Sunderland -> 3.51MB (25s)
[56/380] 3754068: Aston Villa 0-1 West Bromwich Albion -> 3.42MB (25s)
[57/380] 3754056: Everton 3-4 Stoke City -> 3.61MB (26s)
[58/380] 3754040: Liverpool 1-1 Norwich City -> 3.66MB (26s)
[59/380] 3754074: Swansea City 2-2 Tottenham Hotspur -> 3.54MB (25s)
[60/380] 3754076: Sunderland 2-2 West Ham United -> 3.53MB (26s)
[61/380] 3754067: Crystal Palace 1-3 West Ham United -> 3.50MB (25s)
[62/380] 3754079: Manchester City 6-1 Newcastle United -> 3.63MB (25s)
[63/380] 3754090: Newcastle United 0-0 Stoke City -> 3.41MB (26s)
[64/380] 3754083: Chelsea 1-2 Crystal Palace -> 3.60MB (27s)
[65/380] 3754077: Manchester City 1-2 West Ham United -> 3.81MB (25s)
[66/380] 3754060: Everton 1-1 Liverpool -> 3.51MB (24s)
[67/380] 3754073: Chelsea 0-1 AFC Bournemouth -> 3.60MB (25s)
[68/380] 3754085: Swansea City 0-3 Leicester City -> 3.61MB (25s)
[69/380] 3754051: Watford 3-0 Liverpool -> 3.39MB (26s)
[70/380] 3754093: Tottenham Hotspur 0-0 Chelsea -> 3.56MB (26s)
[71/380] 3754046: Everton 1-1 Crystal Palace -> 3.57MB (25s)
[72/380] 3754072: Sunderland 0-1 Watford -> 3.53MB (25s)
[73/380] 3754082: Everton 6-2 Sunderland -> 3.69MB (26s)
[74/380] 3754106: Leicester City 3-2 Aston Villa -> 3.65MB (26s)
[75/380] 3754099: Crystal Palace 2-0 West Bromwich Albion -> 3.45MB (26s)
[76/380] 3754098: Chelsea 1-3 Liverpool -> 3.76MB (27s)
[77/380] 3754057: Tottenham Hotspur 3-0 Norwich City -> 3.51MB (25s)
[78/380] 3754112: Newcastle United 2-2 Southampton -> 3.58MB (25s)
[79/380] 3754104: Norwich City 1-1 Stoke City -> 3.50MB (25s)
[80/380] 3754054: Manchester City 4-1 Sunderland -> 3.58MB (26s)
[81/380] 3754113: Southampton 1-1 Aston Villa -> 3.67MB (27s)
[82/380] 3754107: Aston Villa 0-1 Manchester United -> 3.62MB (25s)
[83/380] 3754105: West Bromwich Albion 2-3 Everton -> 3.58MB (26s)
[84/380] 3754097: Manchester United 1-0 Tottenham Hotspur -> 3.67MB (26s)
[85/380] 3754102: Newcastle United 6-2 Norwich City -> 3.54MB (26s)
[86/380] 3754115: Chelsea 2-0 Aston Villa -> 3.48MB (26s)
[87/380] 3754148: Sunderland 0-1 Tottenham Hotspur -> 3.44MB (27s)
[88/380] 3754169: AFC Bournemouth 2-0 Sunderland -> 3.56MB (26s)
[89/380] 3754174: Leicester City 2-5 Arsenal -> 3.64MB (26s)
[90/380] 3754185: Watford 1-2 Manchester United -> 3.52MB (25s)
[91/380] 3754162: AFC Bournemouth 2-1 Manchester United -> 3.58MB (25s)
[92/380] 3754096: West Ham United 0-0 Stoke City -> 3.47MB (26s)
[93/380] 3754171: Arsenal 3-0 Manchester United -> 3.65MB (25s)
[94/380] 3754119: Sunderland 3-0 Newcastle United -> 3.39MB (25s)
[95/380] 3754133: Norwich City 0-1 West Bromwich Albion -> 3.38MB (23s)
[96/380] 3754126: Arsenal 2-1 Everton -> 3.70MB (25s)
[97/380] 3754167: Manchester City 2-1 Norwich City -> 3.75MB (25s)
[98/380] 3754145: West Bromwich Albion 0-3 Manchester City -> 3.76MB (26s)
[99/380] 3754153: Stoke City 1-2 Crystal Palace -> 3.48MB (25s)
[100/380] 3754186: Leicester City 1-1 Manchester United -> 3.44MB (24s)
[101/380] 3754143: Newcastle United 2-0 Liverpool -> 3.65MB (25s)
[102/380] 3754130: Norwich City 2-0 Aston Villa -> 3.45MB (25s)
[103/380] 3754188: Southampton 0-2 Tottenham Hotspur -> 3.47MB (26s)
[104/380] 3754178: Aston Villa 2-3 Watford -> 3.59MB (27s)
[105/380] 3754157: AFC Bournemouth 3-3 Everton -> 3.79MB (25s)
[106/380] 3754166: Everton 2-3 Leicester City -> 3.51MB (25s)
[107/380] 3754211: Newcastle United 0-3 Leicester City -> 3.52MB (25s)
[108/380] 3754150: Sunderland 2-0 Stoke City -> 3.53MB (26s)
[109/380] 3754218: Crystal Palace 1-0 Southampton -> 3.42MB (25s)
[110/380] 3754205: Newcastle United 0-1 Arsenal -> 3.69MB (26s)
[111/380] 3754221: Swansea City 2-1 Manchester United -> 3.65MB (25s)
[112/380] 3754198: Tottenham Hotspur 0-0 Liverpool -> 3.58MB (25s)
[113/380] 3754193: Manchester City 5-1 AFC Bournemouth -> 3.66MB (25s)
[114/380] 3754222: Tottenham Hotspur 1-0 Crystal Palace -> 3.50MB (26s)
[115/380] 3754213: Watford 1-0 Swansea City -> 3.56MB (27s)
[116/380] 3754212: Liverpool 3-2 Aston Villa -> 3.60MB (25s)
[117/380] 3754223: Crystal Palace 0-0 Manchester United -> 3.42MB (24s)
[118/380] 3754208: Manchester City 1-4 Liverpool -> 3.66MB (25s)
[119/380] 3754197: Tottenham Hotspur 4-1 Manchester City -> 3.63MB (26s)
[120/380] 3754204: Aston Villa 2-2 Sunderland -> 3.51MB (24s)
[121/380] 3754194: West Ham United 1-1 Everton -> 3.60MB (26s)
[122/380] 3754219: West Bromwich Albion 1-2 AFC Bournemouth -> 3.44MB (25s)
[123/380] 3754254: Manchester United 0-0 Newcastle United -> 3.65MB (25s)
[124/380] 3754230: Liverpool 1-1 Southampton -> 3.64MB (25s)
[125/380] 3754285: Aston Villa 1-1 West Ham United -> 3.53MB (25s)
[126/380] 3754233: Everton 0-2 Manchester City -> 3.68MB (27s)
[127/380] 3754270: Tottenham Hotspur 2-2 Stoke City -> 3.65MB (27s)
[128/380] 3754237: Leicester City 4-2 Sunderland -> 3.49MB (25s)
[129/380] 3754257: Crystal Palace 0-1 Manchester City -> 3.61MB (25s)
[130/380] 3754266: Watford 0-1 Crystal Palace -> 3.42MB (25s)
[131/380] 3754256: Everton 0-3 Manchester United -> 3.62MB (24s)
[132/380] 3754288: West Ham United 2-1 Chelsea -> 3.47MB (26s)
[133/380] 3754238: AFC Bournemouth 0-1 Newcastle United -> 3.60MB (27s)
[134/380] 3754269: Swansea City 0-1 Stoke City -> 3.68MB (26s)
[135/380] 3754234: AFC Bournemouth 1-5 Tottenham Hotspur -> 3.54MB (25s)
[136/380] 3754246: Manchester City 2-0 Watford -> 3.73MB (25s)
[137/380] 3754273: Watford 2-0 West Ham United -> 3.46MB (25s)
[138/380] 3754263: Leicester City 1-0 Crystal Palace -> 3.48MB (26s)
[139/380] 3754268: Tottenham Hotspur 0-0 Everton -> 3.61MB (27s)
[140/380] 3754286: Watford 2-0 Norwich City -> 3.48MB (26s)
[141/380] 3754235: West Ham United 1-1 West Bromwich Albion -> 3.39MB (26s)
[142/380] 3754291: Watford 1-2 Tottenham Hotspur -> 3.48MB (27s)
[143/380] 3754283: Everton 4-0 Aston Villa -> 3.64MB (27s)
[144/380] 3754279: Swansea City 1-0 West Bromwich Albion -> 3.58MB (27s)
[145/380] 3754276: Tottenham Hotspur 1-2 Newcastle United -> 3.48MB (26s)
[146/380] 3754287: Chelsea 2-2 Watford -> 3.52MB (24s)
[147/380] 3754335: Norwich City 1-2 Leicester City -> 3.56MB (26s)
[148/380] 3754259: Swansea City 0-0 West Ham United -> 3.62MB (26s)
[149/380] 3754298: Swansea City 0-0 Everton -> 3.67MB (26s)
[150/380] 3754315: Norwich City 3-1 AFC Bournemouth -> 3.55MB (22s)
[151/380] 3754337: Southampton 3-0 Norwich City -> 3.50MB (20s)
[152/380] 3754330: Aston Villa 0-1 Stoke City -> 3.63MB (20s)
[153/380] 3754323: West Ham United 2-2 Norwich City -> 3.51MB (27s)
[154/380] 3754301: West Bromwich Albion 2-1 Arsenal -> 3.60MB (28s)
[155/380] 3754297: Manchester United 2-0 West Bromwich Albion -> 3.64MB (28s)
[156/380] 3754304: Crystal Palace 5-1 Newcastle United -> 3.53MB (23s)
[157/380] 3754311: Norwich City 1-0 Swansea City -> 3.71MB (23s)
[158/380] 3754328: Manchester City 2-1 Swansea City -> 3.77MB (24s)
[159/380] 3754302: Southampton 2-2 Leicester City -> 3.47MB (23s)
[160/380] 3754325: West Bromwich Albion 0-0 Southampton -> 3.62MB (24s)
[161/380] 3754329: West Ham United 2-0 Newcastle United -> 3.49MB (24s)
[162/380] 3754013: Leicester City 2-1 Chelsea -> 3.55MB (24s)
[163/380] 3754044: Manchester United 1-2 Norwich City -> 3.56MB (23s)
[164/380] 3754351: Liverpool 1-2 Crystal Palace -> 3.51MB (24s)
[165/380] 3754182: Norwich City 1-1 Everton -> 3.62MB (23s)
[166/380] 3754343: Liverpool 1-0 Leicester City -> 3.54MB (24s)
[167/380] 3754109: Tottenham Hotspur 4-1 West Ham United -> 3.53MB (24s)
[168/380] 3754240: Arsenal 2-0 Stoke City -> 3.57MB (24s)
[169/380] 3754336: Everton 3-1 Chelsea -> 3.63MB (24s)
[170/380] 3754247: Southampton 0-1 Stoke City -> 3.59MB (25s)
[171/380] 3754156: Leicester City 2-1 Watford -> 3.51MB (23s)
[172/380] 3754265: Arsenal 1-1 Tottenham Hotspur -> 3.54MB (23s)
[173/380] 3754000: Sunderland 0-1 Southampton -> 3.51MB (23s)
[174/380] 3754003: Manchester United 3-1 Liverpool -> 3.65MB (24s)
[175/380] 3754344: Swansea City 2-0 Newcastle United -> 3.63MB (24s)
[176/380] 3754131: West Ham United 3-4 AFC Bournemouth -> 3.59MB (26s)
[177/380] 3754312: Crystal Palace 1-2 Arsenal -> 3.65MB (24s)
[178/380] 3754138: Norwich City 1-3 Crystal Palace -> 3.47MB (24s)
[179/380] 3754300: Everton 2-2 Watford -> 3.63MB (25s)
[180/380] 3754203: West Ham United 1-2 Leicester City -> 3.53MB (25s)
[181/380] 3754190: Crystal Palace 2-1 Aston Villa -> 3.44MB (23s)
[182/380] 3754066: Manchester City 3-0 Chelsea -> 3.58MB (25s)
[183/380] 3753985: Stoke City 0-1 Liverpool -> 3.54MB (24s)
[184/380] 3754034: Southampton 0-3 Everton -> 3.58MB (24s)
[185/380] 3753987: Leicester City 1-1 Tottenham Hotspur -> 3.48MB (25s)
[186/380] 3754189: Watford 0-0 Southampton -> 3.49MB (24s)
[187/380] 3754180: Sunderland 1-1 Swansea City -> 3.60MB (24s)
[188/380] 3754059: West Bromwich Albion 2-3 Chelsea -> 3.50MB (27s)
[189/380] 3754064: Southampton 3-2 Liverpool -> 3.72MB (24s)
[190/380] 3754065: Tottenham Hotspur 0-1 Leicester City -> 3.42MB (25s)
[191/380] 3754173: Arsenal 2-0 AFC Bournemouth -> 3.72MB (25s)
[192/380] 3754175: Sunderland 0-0 West Bromwich Albion -> 3.40MB (25s)
[193/380] 3753973: Chelsea 2-2 West Ham United -> 3.72MB (24s)
[194/380] 3753975: Sunderland 1-1 AFC Bournemouth -> 3.65MB (25s)
[195/380] 3753976: Arsenal 1-2 Swansea City -> 3.77MB (24s)
[196/380] 3753977: Watford 1-2 Stoke City -> 3.58MB (23s)
[197/380] 3753980: Everton 0-2 Arsenal -> 3.72MB (24s)
[198/380] 3753981: Aston Villa 1-0 Crystal Palace -> 3.53MB (31s)
[199/380] 3753982: Leicester City 1-0 Southampton -> 3.58MB (25s)
[200/380] 3753986: Liverpool 4-1 Stoke City -> 3.55MB (25s)
[201/380] 3753988: AFC Bournemouth 3-2 Swansea City -> 3.59MB (25s)
[202/380] 3753989: Sunderland 3-0 Everton -> 3.64MB (25s)
[203/380] 3753990: Sunderland 0-0 Arsenal -> 3.61MB (26s)
[204/380] 3753991: Liverpool 3-0 Manchester City -> 3.67MB (26s)
[205/380] 3753992: Tottenham Hotspur 1-2 Southampton -> 3.63MB (26s)
[206/380] 3753994: Southampton 4-1 Crystal Palace -> 3.47MB (25s)
[207/380] 3753998: West Ham United 2-1 Southampton -> 3.50MB (24s)
[208/380] 3753997: West Ham United 2-0 Aston Villa -> 3.55MB (25s)
[209/380] 3754002: Leicester City 1-0 Newcastle United -> 3.56MB (26s)
[210/380] 3754004: AFC Bournemouth 3-0 Norwich City -> 3.51MB (26s)
[211/380] 3754005: Stoke City 1-0 Newcastle United -> 3.50MB (25s)
[212/380] 3754009: Arsenal 1-1 Crystal Palace -> 3.79MB (26s)
[213/380] 3754016: Southampton 3-1 Newcastle United -> 3.55MB (24s)
[214/380] 3754012: Southampton 1-2 Chelsea -> 3.65MB (25s)
[215/380] 3754018: Swansea City 3-1 Liverpool -> 3.74MB (25s)
[216/380] 3754019: Manchester United 0-0 Chelsea -> 3.60MB (25s)
[217/380] 3754021: AFC Bournemouth 1-3 West Ham United -> 3.60MB (26s)
[218/380] 3754026: Crystal Palace 2-1 Stoke City -> 3.40MB (24s)
[219/380] 3754022: Crystal Palace 1-0 Norwich City -> 3.34MB (24s)
[220/380] 3754024: Newcastle United 3-0 Swansea City -> 3.53MB (24s)
[221/380] 3754027: Tottenham Hotspur 4-1 Sunderland -> 3.57MB (26s)
[222/380] 3754030: Watford 1-1 Everton -> 3.56MB (25s)
[223/380] 3754031: Sunderland 2-1 Manchester United -> 3.53MB (26s)
[224/380] 3754032: Stoke City 3-1 Norwich City -> 3.56MB (24s)
[225/380] 3754035: Manchester City 2-1 West Bromwich Albion -> 3.54MB (24s)
[226/380] 3754033: Leicester City 3-1 Everton -> 3.48MB (24s)
[227/380] 3754036: Sunderland 3-1 Aston Villa -> 3.60MB (25s)
[228/380] 3754061: Chelsea 1-1 Stoke City -> 3.62MB (25s)
[229/380] 3754062: Chelsea 2-2 West Bromwich Albion -> 3.64MB (25s)
[230/380] 3754063: Watford 3-2 Aston Villa -> 3.64MB (24s)
[231/380] 3754069: Arsenal 1-0 Newcastle United -> 3.62MB (24s)
[232/380] 3754070: Aston Villa 0-0 Newcastle United -> 3.63MB (24s)
[233/380] 3754071: Swansea City 2-4 Sunderland -> 3.51MB (24s)
[234/380] 3754075: Aston Villa 0-4 Chelsea -> 3.76MB (26s)
[235/380] 3754080: Tottenham Hotspur 1-0 Watford -> 3.63MB (24s)
[236/380] 3754084: West Bromwich Albion 0-0 Aston Villa -> 3.36MB (23s)
[237/380] 3754081: West Bromwich Albion 1-0 Manchester United -> 3.52MB (23s)
[238/380] 3754086: West Ham United 3-1 Watford -> 3.46MB (24s)
[239/380] 3754087: Liverpool 1-1 Tottenham Hotspur -> 3.58MB (24s)
[240/380] 3754088: Newcastle United 3-3 Manchester United -> 3.66MB (26s)
[241/380] 3754089: Crystal Palace 1-2 AFC Bournemouth -> 3.44MB (24s)
[242/380] 3754092: Chelsea 2-2 Tottenham Hotspur -> 3.64MB (23s)
[243/380] 3754094: Manchester United 3-0 Stoke City -> 3.60MB (24s)
[244/380] 3754095: Sunderland 0-1 Manchester City -> 3.63MB (25s)
[245/380] 3754100: Newcastle United 1-1 Sunderland -> 3.46MB (24s)
[246/380] 3754101: Norwich City 1-0 Southampton -> 3.40MB (26s)
[247/380] 3754103: Watford 0-0 Chelsea -> 3.80MB (24s)
[248/380] 3754108: Sunderland 3-2 Chelsea -> 3.70MB (24s)
[249/380] 3754110: West Ham United 2-2 Manchester City -> 3.62MB (24s)
[250/380] 3754111: Arsenal 0-1 Chelsea -> 3.61MB (26s)
[251/380] 3754114: Crystal Palace 0-3 Chelsea -> 3.68MB (24s)
[252/380] 3754116: Swansea City 1-0 Chelsea -> 3.82MB (26s)
[253/380] 3754118: Arsenal 4-0 Watford -> 3.72MB (25s)
[254/380] 3754120: Southampton 1-0 West Ham United -> 3.47MB (25s)
[255/380] 3754121: Watford 0-0 AFC Bournemouth -> 3.34MB (24s)
[256/380] 3754122: West Bromwich Albion 2-1 Stoke City -> 3.51MB (27s)
[257/380] 3754123: Everton 3-0 Norwich City -> 3.50MB (25s)
[258/380] 3754124: Manchester City 0-1 Manchester United -> 3.70MB (25s)
[259/380] 3754125: Chelsea 3-3 Everton -> 3.91MB (25s)
[260/380] 3754132: Stoke City 1-1 Sunderland -> 3.34MB (24s)
[261/380] 3754127: Stoke City 0-3 Everton -> 3.75MB (24s)
[262/380] 3754134: West Ham United 3-2 Manchester United -> 3.47MB (25s)
[263/380] 3754137: Everton 1-1 Southampton -> 3.54MB (25s)
[264/380] 3754142: Manchester City 0-0 Everton -> 3.73MB (23s)
[265/380] 3754140: Everton 1-1 Tottenham Hotspur -> 3.72MB (24s)
[266/380] 3754139: Swansea City 0-1 Southampton -> 3.52MB (25s)
[267/380] 3754144: AFC Bournemouth 0-4 Manchester City -> 3.73MB (24s)
[268/380] 3754147: Manchester City 1-2 Tottenham Hotspur -> 3.85MB (26s)
[269/380] 3754149: Swansea City 1-1 Manchester City -> 3.74MB (25s)
[270/380] 3754151: Swansea City 1-0 Norwich City -> 3.45MB (24s)
[271/380] 3754155: West Bromwich Albion 0-1 Watford -> 3.40MB (24s)
[272/380] 3754152: Sunderland 0-2 Leicester City -> 3.60MB (24s)
[273/380] 3754154: Liverpool 2-2 Newcastle United -> 3.67MB (24s)
[274/380] 3754158: West Ham United 1-4 Swansea City -> 3.58MB (26s)
[275/380] 3754159: Manchester United 3-1 AFC Bournemouth -> 3.67MB (25s)
[276/380] 3754161: Swansea City 1-0 Watford -> 3.60MB (24s)
[277/380] 3754163: Everton 1-2 Swansea City -> 3.79MB (25s)
[278/380] 3754164: Southampton 1-1 Sunderland -> 3.43MB (25s)
[279/380] 3754165: Manchester United 1-1 Leicester City -> 3.57MB (25s)
[280/380] 3754168: Southampton 3-0 West Bromwich Albion -> 3.46MB (24s)
[281/380] 3754170: Newcastle United 1-0 Crystal Palace -> 3.55MB (26s)
[282/380] 3754172: Norwich City 0-3 Sunderland -> 3.30MB (24s)
[283/380] 3754176: West Ham United 2-2 Crystal Palace -> 3.37MB (24s)
[284/380] 3754177: Newcastle United 1-3 AFC Bournemouth -> 3.72MB (26s)
[285/380] 3754179: Crystal Palace 1-3 Tottenham Hotspur -> 3.53MB (25s)
[286/380] 3754181: Crystal Palace 0-1 Leicester City -> 3.40MB (25s)
[287/380] 3754183: Southampton 2-0 Watford -> 3.58MB (26s)
[288/380] 3754187: Stoke City 0-4 Tottenham Hotspur -> 3.49MB (24s)
[289/380] 3754184: Arsenal 1-0 Norwich City -> 3.70MB (26s)
[290/380] 3754191: Southampton 2-0 AFC Bournemouth -> 3.64MB (24s)
[291/380] 3754192: West Bromwich Albion 0-3 West Ham United -> 3.50MB (25s)
[292/380] 3754195: West Bromwich Albion 1-0 Newcastle United -> 3.39MB (26s)
[293/380] 3754196: Stoke City 1-2 Southampton -> 3.66MB (28s)
[294/380] 3754200: Manchester United 0-1 Southampton -> 3.54MB (25s)
[295/380] 3754199: Stoke City 2-1 West Ham United -> 3.56MB (25s)
[296/380] 3754201: Arsenal 0-0 Southampton -> 3.62MB (25s)
[297/380] 3754202: Stoke City 0-0 Arsenal -> 3.56MB (26s)
[298/380] 3754206: Newcastle United 1-1 Manchester City -> 3.65MB (26s)
[299/380] 3754207: Norwich City 4-2 Watford -> 3.59MB (26s)
[300/380] 3754209: Tottenham Hotspur 3-0 Manchester United -> 3.52MB (25s)
[301/380] 3754210: Norwich City 0-1 Manchester United -> 3.63MB (26s)
[302/380] 3754214: Aston Villa 0-6 Liverpool -> 3.79MB (26s)
[303/380] 3754215: West Bromwich Albion 1-1 Tottenham Hotspur -> 3.53MB (25s)
[304/380] 3754216: AFC Bournemouth 1-2 Liverpool -> 3.76MB (26s)
[305/380] 3754220: Crystal Palace 1-2 Liverpool -> 3.62MB (27s)
[306/380] 3754224: Swansea City 1-0 Aston Villa -> 3.59MB (24s)
[307/380] 3754225: AFC Bournemouth 1-1 West Bromwich Albion -> 3.53MB (24s)
[308/380] 3754227: Leicester City 2-2 West Ham United -> 3.37MB (25s)
[309/380] 3754228: Leicester City 4-0 Swansea City -> 3.75MB (25s)
[310/380] 3754229: Chelsea 1-1 Leicester City -> 3.70MB (25s)
[311/380] 3754231: Leicester City 2-2 West Bromwich Albion -> 3.47MB (26s)
[312/380] 3754232: Manchester United 1-0 Watford -> 3.53MB (25s)
[313/380] 3754236: West Bromwich Albion 3-2 Crystal Palace -> 3.57MB (25s)
[314/380] 3754239: Manchester United 3-2 Arsenal -> 3.67MB (26s)
[315/380] 3754241: West Ham United 3-3 Arsenal -> 3.63MB (26s)
[316/380] 3754242: AFC Bournemouth 1-4 Chelsea -> 3.76MB (25s)
[317/380] 3754243: Norwich City 3-2 Newcastle United -> 3.55MB (25s)
[318/380] 3754244: Norwich City 2-2 West Ham United -> 3.52MB (26s)
[319/380] 3754249: Manchester City 4-0 Aston Villa -> 3.81MB (26s)
[320/380] 3754250: Aston Villa 1-1 Leicester City -> 3.59MB (27s)
[321/380] 3754251: West Ham United 2-0 Liverpool -> 3.58MB (27s)
[322/380] 3754252: Everton 3-0 Newcastle United -> 3.61MB (25s)
[323/380] 3754260: Manchester City 4-0 Crystal Palace -> 3.56MB (25s)
[324/380] 3754253: AFC Bournemouth 0-2 Arsenal -> 3.75MB (26s)
[325/380] 3754261: Arsenal 2-1 Leicester City -> 3.76MB (26s)
[326/380] 3754262: Aston Villa 1-2 AFC Bournemouth -> 3.62MB (27s)
[327/380] 3754264: Chelsea 5-1 Newcastle United -> 3.84MB (27s)
[328/380] 3754295: Manchester United 1-0 Aston Villa -> 3.54MB (25s)
[329/380] 3754272: Stoke City 2-2 Swansea City -> 3.66MB (25s)
[330/380] 3754271: Watford 2-1 Newcastle United -> 3.59MB (25s)
[331/380] 3754274: AFC Bournemouth 1-3 Stoke City -> 3.56MB (24s)
[332/380] 3754275: Leicester City 2-0 Liverpool -> 3.57MB (26s)
[333/380] 3754277: Everton 2-3 West Ham United -> 3.52MB (25s)
[334/380] 3754280: Norwich City 1-2 Chelsea -> 3.70MB (26s)
[335/380] 3754282: Aston Villa 2-4 Southampton -> 3.64MB (25s)
[336/380] 3754284: Arsenal 2-0 West Bromwich Albion -> 3.67MB (25s)
[337/380] 3754281: Chelsea 1-1 Manchester United -> 3.62MB (26s)
[338/380] 3754289: Watford 0-1 Leicester City -> 3.50MB (25s)
[339/380] 3754290: Manchester City 1-3 Leicester City -> 3.63MB (27s)
[340/380] 3754292: Newcastle United 1-0 West Bromwich Albion -> 3.41MB (24s)
[341/380] 3754248: AFC Bournemouth 0-0 Crystal Palace -> 3.48MB (24s)
[342/380] 3754294: Liverpool 4-0 Everton -> 3.65MB (26s)
[343/380] 3754299: Manchester United 1-0 Everton -> 3.66MB (25s)
[344/380] 3754303: Swansea City 1-1 Crystal Palace -> 3.54MB (26s)
[345/380] 3754305: Liverpool 3-3 Arsenal -> 3.60MB (26s)
[346/380] 3754306: Aston Villa 2-0 Norwich City -> 3.46MB (25s)
[347/380] 3754307: Manchester City 4-0 Stoke City -> 3.63MB (25s)
[348/380] 3754308: Watford 2-2 Sunderland -> 3.42MB (25s)
[349/380] 3754310: Manchester United 2-0 Crystal Palace -> 3.62MB (26s)
[350/380] 3754313: Norwich City 0-0 Manchester City -> 3.67MB (26s)
[351/380] 3754314: Manchester City 2-2 Arsenal -> 3.59MB (25s)
[352/380] 3754316: Liverpool 2-2 Sunderland -> 3.73MB (26s)
[353/380] 3754317: Norwich City 0-3 Tottenham Hotspur -> 3.46MB (24s)
[354/380] 3754318: Tottenham Hotspur 2-2 Arsenal -> 3.51MB (26s)
[355/380] 3754319: Manchester United 2-1 Swansea City -> 3.63MB (26s)
[356/380] 3754320: Southampton 4-2 Manchester City -> 3.74MB (26s)
[357/380] 3754321: Stoke City 2-1 Aston Villa -> 3.70MB (26s)
[358/380] 3754322: Chelsea 0-3 Manchester City -> 3.77MB (26s)
[359/380] 3754324: Tottenham Hotspur 2-1 Swansea City -> 3.52MB (26s)
[360/380] 3754326: Crystal Palace 0-0 Swansea City -> 3.44MB (26s)
[361/380] 3754327: Aston Villa 1-3 Everton -> 3.76MB (27s)
[362/380] 3754331: West Ham United 1-0 Sunderland -> 3.42MB (25s)
[363/380] 3754332: Tottenham Hotspur 1-1 West Bromwich Albion -> 3.53MB (25s)
[364/380] 3754333: Newcastle United 5-1 Tottenham Hotspur -> 3.57MB (25s)
[365/380] 3754334: AFC Bournemouth 2-0 Southampton -> 3.43MB (25s)
[366/380] 3754338: Newcastle United 2-1 West Ham United -> 3.70MB (27s)
[367/380] 3754340: West Bromwich Albion 1-1 Swansea City -> 3.68MB (27s)
[368/380] 3754341: Leicester City 3-0 Stoke City -> 3.46MB (25s)
[369/380] 3754342: Liverpool 2-0 Watford -> 3.49MB (25s)
[370/380] 3754345: Liverpool 0-1 Manchester United -> 3.64MB (26s)
[371/380] 3754346: Watford 1-2 Manchester City -> 3.53MB (24s)
[372/380] 3754348: Norwich City 4-5 Liverpool -> 3.61MB (27s)
[373/380] 3754349: West Ham United 1-0 Tottenham Hotspur -> 3.59MB (27s)
[374/380] 3754350: Everton 0-1 West Bromwich Albion -> 3.65MB (26s)
[375/380] 3754258: Aston Villa 0-0 Manchester City -> 3.65MB (26s)
[376/380] 3754020: Liverpool 1-0 AFC Bournemouth -> 3.57MB (27s)
[377/380] 3754267: Watford 0-0 West Bromwich Albion -> 3.47MB (22s)
[378/380] 3754141: Arsenal 0-2 West Ham United -> 3.65MB (19s)
[379/380] 3754128: AFC Bournemouth 0-1 Aston Villa -> 3.66MB (18s)
[380/380] 3754078: Chelsea 2-2 Swansea City -> 3.54MB (16s)

380 built, 0 failed (viewer copied to output/)
