  fold Sample_Game_1 cfg B done (77s)
  fold Sample_Game_1 cfg C done (211s)
  fold Sample_Game_2 cfg B done (89s)
  fold Sample_Game_2 cfg C done (253s)
  fold Sample_Game_3 cfg B done (74s)
  fold Sample_Game_3 cfg C done (199s)
  fold J03WPY cfg B done (81s)
  fold J03WPY cfg C done (211s)
  fold J03WMX cfg B done (78s)
  fold J03WMX cfg C done (220s)
  fold J03WN1 cfg B done (79s)
  fold J03WN1 cfg C done (225s)
  fold J03WOH cfg B done (86s)
  fold J03WOH cfg C done (232s)
  fold J03WOY cfg B done (84s)
  fold J03WOY cfg C done (231s)
  fold J03WQQ cfg B done (85s)
  fold J03WQQ cfg C done (233s)
  fold J03WR9 cfg B done (86s)
  fold J03WR9 cfg C done (231s)
                      median    mean     p90        n
method                                               
OLD                   11.125  13.384  26.576  1248842
anchor_interp         16.135  19.013  38.257  1248842
anchor_window_median  19.236  22.078  42.583  1248842
base_B_kalman         10.063  12.131  23.696  1248842
base_B_mu             10.038  12.141  23.674  1248842
base_C_kalman         10.021  12.094  23.633  1248842
base_C_mu              9.997  12.103  23.627  1248842
coupled_B_kalman      10.021  12.019  23.396  1248842
coupled_B_mu           9.993  12.037  23.371  1248842
coupled_C_kalman      10.051  12.049  23.415  1248842
coupled_C_mu          10.023  12.063  23.402  1248842
stage2_B_kalman        9.889  11.893  23.099  1248842
stage2_B_mu            9.871  11.923  23.086  1248842
stage2_C_kalman        9.947  11.899  22.981  1248842
stage2_C_mu            9.956  11.941  22.980  1248842
